<html>
<body>
<pre>
<h1>µVision Build Log</h1>
<h2>Tool Versions:</h2>
IDE-Version: µVision V5.29.0.0
Copyright (C) 2019 ARM Ltd and ARM Germany GmbH. All rights reserved.
License Information: Fabricio Elizondo, Instituto Tecnológico de Costa Rica, LIC=----
 
Tool Versions:
Toolchain:       MDK-Lite  Version: 5.29.0.0
Toolchain Path:  C:\Keil_v5\ARM\ARMCC\Bin
C Compiler:      Armcc.exe V5.06 update 6 (build 750)
Assembler:       Armasm.exe V5.06 update 6 (build 750)
Linker/Locator:  ArmLink.exe V5.06 update 6 (build 750)
Library Manager: ArmAr.exe V5.06 update 6 (build 750)
Hex Converter:   FromElf.exe V5.06 update 6 (build 750)
CPU DLL:         SARMCM3.DLL V5.29.0.0
Dialog DLL:      DCM.DLL V1.17.3.0
Target DLL:      UL2CM3.DLL V1.163.0.0
Dialog DLL:      TCM.DLL V1.36.5.0
 
<h2>Project:</h2>
C:\Proyectos_Keil\Sistema-de-Monitoreo-de-Distancia-y-Temperatura\Monitoreo_TD.uvprojx
Project File Date:  07/13/2020

<h2>Output:</h2>
*** Using Compiler 'V5.06 update 6 (build 750)', folder: 'C:\Keil_v5\ARM\ARMCC\Bin'
Build target 'Cortex-M3'
assembling main.s...
main.s(102): warning: A1865W: '#' not seen before constant expression
main.s(114): warning: A1865W: '#' not seen before constant expression
main.s(117): warning: A1865W: '#' not seen before constant expression
main.s(120): warning: A1865W: '#' not seen before constant expression
main.s(123): warning: A1865W: '#' not seen before constant expression
main.s(126): warning: A1865W: '#' not seen before constant expression
main.s(129): warning: A1865W: '#' not seen before constant expression
main.s(142): warning: A1865W: '#' not seen before constant expression
main.s(145): warning: A1865W: '#' not seen before constant expression
main.s(148): warning: A1865W: '#' not seen before constant expression
main.s(151): warning: A1865W: '#' not seen before constant expression
main.s(154): warning: A1865W: '#' not seen before constant expression
main.s(157): warning: A1865W: '#' not seen before constant expression
main.s(160): warning: A1865W: '#' not seen before constant expression
main.s(170): warning: A1865W: '#' not seen before constant expression
main.s(173): warning: A1865W: '#' not seen before constant expression
main.s(176): warning: A1865W: '#' not seen before constant expression
main.s(179): warning: A1865W: '#' not seen before constant expression
main.s(182): warning: A1865W: '#' not seen before constant expression
main.s(185): warning: A1865W: '#' not seen before constant expression
main.s(202): warning: A1865W: '#' not seen before constant expression
main.s(205): warning: A1865W: '#' not seen before constant expression
main.s(208): warning: A1865W: '#' not seen before constant expression
main.s(211): warning: A1865W: '#' not seen before constant expression
main.s(214): warning: A1865W: '#' not seen before constant expression
main.s(217): warning: A1865W: '#' not seen before constant expression
main.s(220): warning: A1865W: '#' not seen before constant expression
main.s(230): warning: A1865W: '#' not seen before constant expression
main.s(233): warning: A1865W: '#' not seen before constant expression
main.s(236): warning: A1865W: '#' not seen before constant expression
main.s(239): warning: A1865W: '#' not seen before constant expression
main.s(242): warning: A1865W: '#' not seen before constant expression
main.s(245): warning: A1865W: '#' not seen before constant expression
main.s(248): warning: A1865W: '#' not seen before constant expression
main.s(251): warning: A1865W: '#' not seen before constant expression
main.s(254): warning: A1865W: '#' not seen before constant expression
main.s(257): warning: A1865W: '#' not seen before constant expression
main.s(289): warning: A1865W: '#' not seen before constant expression
main.s(292): warning: A1865W: '#' not seen before constant expression
main.s(295): warning: A1865W: '#' not seen before constant expression
main.s(298): warning: A1865W: '#' not seen before constant expression
main.s(301): warning: A1865W: '#' not seen before constant expression
main.s(304): warning: A1865W: '#' not seen before constant expression
main.s(307): warning: A1865W: '#' not seen before constant expression
main.s(310): warning: A1865W: '#' not seen before constant expression
main.s(313): warning: A1865W: '#' not seen before constant expression
main.s(316): warning: A1865W: '#' not seen before constant expression
main.s(332): warning: A1865W: '#' not seen before constant expression
main.s(356): warning: A1865W: '#' not seen before constant expression
main.s(359): warning: A1865W: '#' not seen before constant expression
main.s(362): warning: A1865W: '#' not seen before constant expression
main.s(365): warning: A1865W: '#' not seen before constant expression
main.s(368): warning: A1865W: '#' not seen before constant expression
main.s(371): warning: A1865W: '#' not seen before constant expression
main.s(374): warning: A1865W: '#' not seen before constant expression
main.s(377): warning: A1865W: '#' not seen before constant expression
main.s(380): warning: A1865W: '#' not seen before constant expression
main.s(383): warning: A1865W: '#' not seen before constant expression
main.s(386): warning: A1865W: '#' not seen before constant expression
main.s(409): warning: A1865W: '#' not seen before constant expression
main.s(412): warning: A1865W: '#' not seen before constant expression
main.s(415): warning: A1865W: '#' not seen before constant expression
main.s(418): warning: A1865W: '#' not seen before constant expression
main.s(421): warning: A1865W: '#' not seen before constant expression
main.s(424): warning: A1865W: '#' not seen before constant expression
main.s(427): warning: A1865W: '#' not seen before constant expression
main.s(430): warning: A1865W: '#' not seen before constant expression
main.s(433): warning: A1865W: '#' not seen before constant expression
main.s(436): warning: A1865W: '#' not seen before constant expression
main.s(439): warning: A1865W: '#' not seen before constant expression
main.s(468): warning: A1865W: '#' not seen before constant expression
main.s(471): warning: A1865W: '#' not seen before constant expression
main.s(474): warning: A1865W: '#' not seen before constant expression
main.s(477): warning: A1865W: '#' not seen before constant expression
main.s(480): warning: A1865W: '#' not seen before constant expression
main.s(483): warning: A1865W: '#' not seen before constant expression
main.s(486): warning: A1865W: '#' not seen before constant expression
main.s(489): warning: A1865W: '#' not seen before constant expression
main.s(492): warning: A1865W: '#' not seen before constant expression
main.s(495): warning: A1865W: '#' not seen before constant expression
main.s(503): warning: A1865W: '#' not seen before constant expression
main.s(528): warning: A1865W: '#' not seen before constant expression
main.s(531): warning: A1865W: '#' not seen before constant expression
main.s(534): warning: A1865W: '#' not seen before constant expression
main.s(537): warning: A1865W: '#' not seen before constant expression
main.s(540): warning: A1865W: '#' not seen before constant expression
main.s(543): warning: A1865W: '#' not seen before constant expression
main.s(546): warning: A1865W: '#' not seen before constant expression
main.s(549): warning: A1865W: '#' not seen before constant expression
main.s(552): warning: A1865W: '#' not seen before constant expression
main.s(555): warning: A1865W: '#' not seen before constant expression
main.s(563): warning: A1865W: '#' not seen before constant expression
main.s(98): warning: A1471W: Directive LTORG may be in an executable position
main.s(98): warning: A1581W: Added 2 bytes of padding at address 0x32
linking...
Program Size: Code=1776 RO-data=960 RW-data=4 ZI-data=1028  
".\Objects\Monitoreo_TD.axf" - 0 Error(s), 94 Warning(s).

<h2>Software Packages used:</h2>

Package Vendor: ARM
                http://www.keil.com/pack/ARM.CMSIS.5.7.0.pack
                ARM.CMSIS.5.7.0
                CMSIS (Cortex Microcontroller Software Interface Standard)
   * Component: CORE Version: 5.4.0
   * Component: Startup Version: 1.2.2

<h2>Collection of Component include folders:</h2>
  .\RTE\_Cortex-M3
  C:\Users\User\AppData\Local\Arm\Packs\ARM\CMSIS\5.7.0\CMSIS\Core\Include
  C:\Users\User\AppData\Local\Arm\Packs\ARM\CMSIS\5.7.0\Device\ARM\ARMCM3\Include

<h2>Collection of Component Files used:</h2>

   * Component: ARM::CMSIS:CORE:5.4.0

   * Component: ARM::Device:Startup:1.2.2
      Include file:  Device\ARM\ARMCM3\Include\ARMCM3.h
      Source file:   Device\ARM\ARMCM3\Source\system_ARMCM3.c
      Source file:   Device\ARM\ARMCM3\Source\ARM\startup_ARMCM3.s
Build Time Elapsed:  00:00:01
</pre>
</body>
</html>
