<html>
<body>
<pre>
<h1>µVision Build Log</h1>
<h2>Tool Versions:</h2>
IDE-Version: µVision V5.29.0.0
Copyright (C) 2019 ARM Ltd and ARM Germany GmbH. All rights reserved.
License Information: Fabricio Elizondo, Instituto Tecnológico de Costa Rica, LIC=----
 
Tool Versions:
Toolchain:       MDK-Lite  Version: 5.29.0.0
Toolchain Path:  C:\Keil_v5\ARM\ARMCC\Bin
C Compiler:      Armcc.exe V5.06 update 6 (build 750)
Assembler:       Armasm.exe V5.06 update 6 (build 750)
Linker/Locator:  ArmLink.exe V5.06 update 6 (build 750)
Library Manager: ArmAr.exe V5.06 update 6 (build 750)
Hex Converter:   FromElf.exe V5.06 update 6 (build 750)
CPU DLL:         SARMCM3.DLL V5.29.0.0
Dialog DLL:      DCM.DLL V1.17.3.0
Target DLL:      UL2CM3.DLL V1.163.0.0
Dialog DLL:      TCM.DLL V1.36.5.0
 
<h2>Project:</h2>
C:\Proyectos_Keil\Sistema-de-Monitoreo-de-Distancia-y-Temperatura\Monitoreo_TD.uvprojx
Project File Date:  07/13/2020

<h2>Output:</h2>
*** Using Compiler 'V5.06 update 6 (build 750)', folder: 'C:\Keil_v5\ARM\ARMCC\Bin'
Build target 'Cortex-M3'
assembling main.s...
main.s(98): warning: A1865W: '#' not seen before constant expression
main.s(117): warning: A1865W: '#' not seen before constant expression
main.s(120): warning: A1865W: '#' not seen before constant expression
main.s(123): warning: A1865W: '#' not seen before constant expression
main.s(126): warning: A1865W: '#' not seen before constant expression
main.s(129): warning: A1865W: '#' not seen before constant expression
main.s(132): warning: A1865W: '#' not seen before constant expression
main.s(146): warning: A1865W: '#' not seen before constant expression
main.s(149): warning: A1865W: '#' not seen before constant expression
main.s(152): warning: A1865W: '#' not seen before constant expression
main.s(155): warning: A1865W: '#' not seen before constant expression
main.s(158): warning: A1865W: '#' not seen before constant expression
main.s(161): warning: A1865W: '#' not seen before constant expression
main.s(164): warning: A1865W: '#' not seen before constant expression
main.s(174): warning: A1865W: '#' not seen before constant expression
main.s(177): warning: A1865W: '#' not seen before constant expression
main.s(180): warning: A1865W: '#' not seen before constant expression
main.s(183): warning: A1865W: '#' not seen before constant expression
main.s(186): warning: A1865W: '#' not seen before constant expression
main.s(189): warning: A1865W: '#' not seen before constant expression
main.s(206): warning: A1865W: '#' not seen before constant expression
main.s(209): warning: A1865W: '#' not seen before constant expression
main.s(212): warning: A1865W: '#' not seen before constant expression
main.s(215): warning: A1865W: '#' not seen before constant expression
main.s(218): warning: A1865W: '#' not seen before constant expression
main.s(221): warning: A1865W: '#' not seen before constant expression
main.s(224): warning: A1865W: '#' not seen before constant expression
main.s(230): warning: A1865W: '#' not seen before constant expression
main.s(233): warning: A1865W: '#' not seen before constant expression
main.s(236): warning: A1865W: '#' not seen before constant expression
main.s(239): warning: A1865W: '#' not seen before constant expression
main.s(242): warning: A1865W: '#' not seen before constant expression
main.s(245): warning: A1865W: '#' not seen before constant expression
main.s(248): warning: A1865W: '#' not seen before constant expression
main.s(251): warning: A1865W: '#' not seen before constant expression
main.s(254): warning: A1865W: '#' not seen before constant expression
main.s(257): warning: A1865W: '#' not seen before constant expression
main.s(286): warning: A1865W: '#' not seen before constant expression
main.s(289): warning: A1865W: '#' not seen before constant expression
main.s(292): warning: A1865W: '#' not seen before constant expression
main.s(295): warning: A1865W: '#' not seen before constant expression
main.s(298): warning: A1865W: '#' not seen before constant expression
main.s(301): warning: A1865W: '#' not seen before constant expression
main.s(304): warning: A1865W: '#' not seen before constant expression
main.s(307): warning: A1865W: '#' not seen before constant expression
main.s(310): warning: A1865W: '#' not seen before constant expression
main.s(313): warning: A1865W: '#' not seen before constant expression
main.s(326): warning: A1865W: '#' not seen before constant expression
main.s(348): warning: A1865W: '#' not seen before constant expression
main.s(353): warning: A1865W: '#' not seen before constant expression
main.s(359): warning: A1865W: '#' not seen before constant expression
linking...
Program Size: Code=1048 RO-data=960 RW-data=4 ZI-data=1028  
".\Objects\Monitoreo_TD.axf" - 0 Error(s), 51 Warning(s).

<h2>Software Packages used:</h2>

Package Vendor: ARM
                http://www.keil.com/pack/ARM.CMSIS.5.7.0.pack
                ARM.CMSIS.5.7.0
                CMSIS (Cortex Microcontroller Software Interface Standard)
   * Component: CORE Version: 5.4.0
   * Component: Startup Version: 1.2.2

<h2>Collection of Component include folders:</h2>
  .\RTE\_Cortex-M3
  C:\Users\User\AppData\Local\Arm\Packs\ARM\CMSIS\5.7.0\CMSIS\Core\Include
  C:\Users\User\AppData\Local\Arm\Packs\ARM\CMSIS\5.7.0\Device\ARM\ARMCM3\Include

<h2>Collection of Component Files used:</h2>

   * Component: ARM::CMSIS:CORE:5.4.0

   * Component: ARM::Device:Startup:1.2.2
      Include file:  Device\ARM\ARMCM3\Include\ARMCM3.h
      Source file:   Device\ARM\ARMCM3\Source\ARM\startup_ARMCM3.s
      Source file:   Device\ARM\ARMCM3\Source\system_ARMCM3.c
Build Time Elapsed:  00:00:00
</pre>
</body>
</html>
